#-----------------------------------------------------------
# Vivado v2024.1 (64-bit)
# SW Build 5076996 on Wed May 22 18:37:14 MDT 2024
# IP Build 5075265 on Wed May 22 21:45:21 MDT 2024
# SharedData Build 5076995 on Wed May 22 18:29:18 MDT 2024
# Start of session at: Sat Dec  7 00:47:36 2024
# Process ID: 2152
# Current directory: C:/Users/LHeysemK/Desktop/CS223/Labs/Lab 5/Lab5/Lab5.runs/impl_1
# Command line: vivado.exe -log traffic_light_system.vdi -applog -product Vivado -messageDb vivado.pb -mode batch -source traffic_light_system.tcl -notrace
# Log file: C:/Users/LHeysemK/Desktop/CS223/Labs/Lab 5/Lab5/Lab5.runs/impl_1/traffic_light_system.vdi
# Journal file: C:/Users/LHeysemK/Desktop/CS223/Labs/Lab 5/Lab5/Lab5.runs/impl_1\vivado.jou
# Running On        :LHeysemK
# Platform          :Windows Server 2016 or Windows 10
# Operating System  :26100
# Processor Detail  :AMD Ryzen 5 4600H with Radeon Graphics         
# CPU Frequency     :2994 MHz
# CPU Physical cores:6
# CPU Logical cores :12
# Host memory       :16505 MB
# Swap memory       :8321 MB
# Total Virtual     :24827 MB
# Available Virtual :6572 MB
#-----------------------------------------------------------
source traffic_light_system.tcl -notrace
